// Jest Snapshot v1, https://goo.gl/fbAQLP

exports[`HowToUse component renders the Component 1`] = `
<Fragment>
  <Header />
  <div
    className="howtouse"
  >
    <h2
      className="text-center"
    >
      If you want to make your Portfolio for free, then you came to the right place. You can generate your portfolio in a few steps
    </h2>
    <br />
    <table
      className="steps"
    >
      <thead>
        <tr>
          <td>
            Step I 
          </td>
          <td>
            Register Your self
          </td>
        </tr>
      </thead>
      <tbody>
        <tr>
          <td>
            Step II 
          </td>
          <td>
            Log In
          </td>
        </tr>
        <tr>
          <td>
            Step III 
          </td>
          <td>
            Choose Template and you will see a form that you need to fill
          </td>
        </tr>
        <tr>
          <td>
            Step IV 
          </td>
          <td>
            Download Template and that's where you get your simple portfolio.
          </td>
        </tr>
      </tbody>
      <tfoot />
    </table>
  </div>
</Fragment>
`;
